---
source: tests/integration_tests.rs
assertion_line: 52
expression: contents
input_file: samples/partials

---
a.html.hbs: "a\n"
ab.html.hbs: "a\nb\n"
abc.html.hbs: "a\nb\nc\n\nsubdirectory entries:\n/subdirectory/c\n"
abcd.html.hbs: "a\nb\nc\nd"
b.html: "b\n"
echo-target-media-type.html.hbs: text/html
subdirectory.html.hbs: "subdirectory entries:\n/subdirectory/c\n"
subdirectory/c.html.hbs: "c\n"

