---
source: tests/integration_tests.rs
expression: contents
input_file: src/examples/invalid-duplicate-media-type-1
---
bad.xml: "Unable to load content.\n\nCaused by:\n    There are multiple content files for route /bad with the same media type (text/xml).\n"
bad.xml.hbs: "Unable to load content.\n\nCaused by:\n    There are multiple content files for route /bad with the same media type (text/xml).\n"
