---
source: tests/integration_tests.rs
expression: contents
input_file: src/examples/executables
---
cat.txt.sh: ""
count-cli-args.txt.sh: "0\n"
error.txt.sh: "Unable to emit rendered content.\n\nCaused by:\n    Process exited with code 1: boom!\n    \n"
hang.txt.sh: ""
ls.txt.sh: "SKIP-SNAPSHOT-random.bin.sh\nSKIP-SNAPSHOT-system-info.html.sh\ncat.txt.sh\ncount-cli-args.txt.sh\nerror.txt.sh\nhang.txt.sh\nls.txt.sh\noutput-and-error.txt.sh\npwd.txt.sh\nslow-error.txt.sh\nslow.txt.sh\nsubdirectory\ntemplate.txt.hbs\n"
output-and-error.txt.sh: "Unable to emit rendered content.\n\nCaused by:\n    Process exited with code 1\n"
pwd.txt.sh: "$PROJECT_DIRECTORY/src/examples/executables\n"
slow-error.txt.sh: "Unable to emit rendered content.\n\nCaused by:\n    Process exited with code 1: Boom!\n    \n"
slow.txt.sh: "﻿🔴 Ready…\n🟡 Set…\n🟢 Go!\n"
subdirectory/pwd.txt.sh: "$PROJECT_DIRECTORY/src/examples/executables/subdirectory\n"
template.txt.hbs: "this is pwd from subdirectory:\n$PROJECT_DIRECTORY/src/examples/executables/subdirectory\n"
